"C:/Users/DEZKS/Documents/my_Desings/Arquitectura de Computadoras/Proyectos/adder8bit00/adder8bit0/source/anda00.vhdl=work"
"C:/Users/DEZKS/Documents/my_Desings/Arquitectura de Computadoras/Proyectos/adder8bit00/adder8bit0/source/fa00.vhdl=work"
"C:/Users/DEZKS/Documents/my_Desings/Arquitectura de Computadoras/Proyectos/adder8bit00/adder8bit0/source/ha00.vhdl=work"
"C:/Users/DEZKS/Documents/my_Desings/Arquitectura de Computadoras/Proyectos/adder8bit00/adder8bit0/source/orao00.vhdl=work"
"C:/Users/DEZKS/Documents/my_Desings/Arquitectura de Computadoras/Proyectos/adder8bit00/adder8bit0/source/packagefa00.vhdl=work"
"C:/Users/DEZKS/Documents/my_Desings/Arquitectura de Computadoras/Proyectos/adder8bit00/adder8bit0/source/pakageha00.vhdl=work"
"C:/Users/DEZKS/Documents/my_Desings/Arquitectura de Computadoras/Proyectos/adder8bit00/adder8bit0/source/xnora00.vhdl=work"
"C:/Users/DEZKS/Documents/my_Desings/Arquitectura de Computadoras/Proyectos/adder8bit00/adder8bit0/source/xora00.vhdl=work"
"C:/Users/DEZKS/Documents/my_Desings/Arquitectura de Computadoras/Proyectos/adder8bit00/packageadder8bit00.vhdl=work"
"C:/Users/DEZKS/Documents/my_Desings/Arquitectura de Computadoras/Proyectos/adder8bit00/adder8bit00.vhdl=work"
"C:/Users/DEZKS/Documents/my_Desings/Arquitectura de Computadoras/Proyectos/adder8bit00/testbenchadder8bit00.vhdl=work"
